// Jest Snapshot v1, https://goo.gl/fbAQLP

exports[`Dashboard Unit Testing Dashboard renders correct components 1`] = `"<div class=\\"makeStyles-root-1\\"><header class=\\"MuiPaper-root MuiAppBar-root MuiAppBar-positionAbsolute MuiAppBar-colorPrimary makeStyles-appBar-19 makeStyles-appBarShift-20 MuiPaper-elevation4\\"><div class=\\"MuiToolbar-root MuiToolbar-regular makeStyles-toolbar-17 MuiToolbar-gutters\\"><button class=\\"MuiButtonBase-root MuiIconButton-root makeStyles-menuButton-21 makeStyles-menuButtonHidden-22 MuiIconButton-colorInherit MuiIconButton-edgeStart\\" tabindex=\\"0\\" type=\\"button\\" aria-label=\\"open drawer\\"><span class=\\"MuiIconButton-label\\"><svg class=\\"MuiSvgIcon-root\\" focusable=\\"false\\" viewBox=\\"0 0 24 24\\" aria-hidden=\\"true\\"><path d=\\"M3 18h18v-2H3v2zm0-5h18v-2H3v2zm0-7v2h18V6H3z\\"></path></svg></span></button><h1 class=\\"MuiTypography-root makeStyles-title-23 MuiTypography-h6 MuiTypography-colorInherit MuiTypography-noWrap\\">Google Ads API Web App Demo</h1><button class=\\"MuiButtonBase-root MuiIconButton-root MuiIconButton-colorInherit\\" tabindex=\\"0\\" type=\\"button\\"><span class=\\"MuiIconButton-label\\"><span class=\\"MuiBadge-root\\"><svg class=\\"MuiSvgIcon-root\\" focusable=\\"false\\" viewBox=\\"0 0 24 24\\" aria-hidden=\\"true\\"><path d=\\"M12 22c1.1 0 2-.9 2-2h-4c0 1.1.89 2 2 2zm6-6v-5c0-3.07-1.64-5.64-4.5-6.32V4c0-.83-.67-1.5-1.5-1.5s-1.5.67-1.5 1.5v.68C7.63 5.36 6 7.92 6 11v5l-2 2v1h16v-1l-2-2z\\"></path></svg><span class=\\"MuiBadge-badge MuiBadge-anchorOriginTopRightRectangle MuiBadge-colorSecondary\\">4</span></span></span></button></div></header><div class=\\"MuiDrawer-root MuiDrawer-docked\\"><div class=\\"MuiPaper-root MuiDrawer-paper makeStyles-drawerPaper-24 MuiDrawer-paperAnchorLeft MuiDrawer-paperAnchorDockedLeft MuiPaper-elevation0\\"><div class=\\"makeStyles-toolbarIcon-18\\"><button class=\\"MuiButtonBase-root MuiIconButton-root\\" tabindex=\\"0\\" type=\\"button\\"><span class=\\"MuiIconButton-label\\"><svg class=\\"MuiSvgIcon-root\\" focusable=\\"false\\" viewBox=\\"0 0 24 24\\" aria-hidden=\\"true\\"><path d=\\"M15.41 7.41L14 6l-6 6 6 6 1.41-1.41L10.83 12z\\"></path></svg></span></button></div><hr class=\\"MuiDivider-root\\"/><ul class=\\"MuiList-root MuiList-padding\\"><div><a class=\\"MuiButtonBase-root MuiListItem-root MuiListItem-gutters MuiListItem-button\\" tabindex=\\"0\\" role=\\"button\\" aria-disabled=\\"false\\" href=\\"/\\"><div class=\\"MuiListItemIcon-root\\"><svg class=\\"MuiSvgIcon-root\\" focusable=\\"false\\" viewBox=\\"0 0 24 24\\" aria-hidden=\\"true\\"><path d=\\"M10 20v-6h4v6h5v-8h3L12 3 2 12h3v8z\\"></path></svg></div><div class=\\"MuiListItemText-root\\"><span class=\\"MuiTypography-root MuiListItemText-primary MuiTypography-body1 MuiTypography-displayBlock\\">Login</span></div></a><a class=\\"MuiButtonBase-root MuiListItem-root MuiListItem-gutters MuiListItem-button\\" tabindex=\\"0\\" role=\\"button\\" aria-disabled=\\"false\\" href=\\"/Dashboard\\"><div class=\\"MuiListItemIcon-root\\"><svg class=\\"MuiSvgIcon-root\\" focusable=\\"false\\" viewBox=\\"0 0 24 24\\" aria-hidden=\\"true\\"><path d=\\"M3 13h8V3H3v10zm0 8h8v-6H3v6zm10 0h8V11h-8v10zm0-18v6h8V3h-8z\\"></path></svg></div><div class=\\"MuiListItemText-root\\"><span class=\\"MuiTypography-root MuiListItemText-primary MuiTypography-body1 MuiTypography-displayBlock\\">Dashboard</span></div></a><a class=\\"MuiButtonBase-root MuiListItem-root MuiListItem-gutters MuiListItem-button\\" tabindex=\\"0\\" role=\\"button\\" aria-disabled=\\"false\\" href=\\"/Query\\"><div class=\\"MuiListItemIcon-root\\"><svg class=\\"MuiSvgIcon-root\\" focusable=\\"false\\" viewBox=\\"0 0 24 24\\" aria-hidden=\\"true\\"><path d=\\"M5 9.2h3V19H5zM10.6 5h2.8v14h-2.8zm5.6 8H19v6h-2.8z\\"></path></svg></div><div class=\\"MuiListItemText-root\\"><span class=\\"MuiTypography-root MuiListItemText-primary MuiTypography-body1 MuiTypography-displayBlock\\">Queries</span></div></a></div></ul></div></div><main class=\\"makeStyles-content-12\\"><div class=\\"makeStyles-appBarSpacer-11\\"></div><div class=\\"MuiContainer-root makeStyles-container-13 MuiContainer-maxWidthLg\\"><div class=\\"MuiGrid-root MuiGrid-container MuiGrid-spacing-xs-3\\"><div class=\\"MuiGrid-root MuiGrid-item MuiGrid-grid-xs-12\\"><div class=\\"MuiPaper-root makeStyles-paper-44 MuiPaper-elevation1 MuiPaper-rounded\\"><h2 class=\\"MuiTypography-root MuiTypography-h6 MuiTypography-colorPrimary MuiTypography-gutterBottom\\">Authenticate your Ads Account</h2><div><button class=\\"MuiButtonBase-root MuiButton-root MuiButton-outlined\\" tabindex=\\"0\\" type=\\"button\\"><span class=\\"MuiButton-label\\"><a style=\\"text-decoration:none\\" href=\\"\\">Add Account</a></span></button></div></div></div><div class=\\"MuiGrid-root MuiGrid-item MuiGrid-grid-xs-12\\"><div class=\\"MuiPaper-root makeStyles-paper-44 MuiPaper-elevation1 MuiPaper-rounded\\"><h2 class=\\"MuiTypography-root MuiTypography-h6 MuiTypography-colorPrimary MuiTypography-gutterBottom\\">Available Customer IDs</h2><table class=\\"MuiTable-root\\"><thead class=\\"MuiTableHead-root\\"><tr class=\\"MuiTableRow-root MuiTableRow-head\\"><th class=\\"MuiTableCell-root MuiTableCell-head MuiTableCell-sizeSmall\\" scope=\\"col\\">Select</th><th class=\\"MuiTableCell-root MuiTableCell-head MuiTableCell-sizeSmall\\" scope=\\"col\\">Login ID</th><th class=\\"MuiTableCell-root MuiTableCell-head MuiTableCell-sizeSmall\\" scope=\\"col\\">Client Account ID</th><th class=\\"MuiTableCell-root MuiTableCell-head MuiTableCell-sizeSmall\\" scope=\\"col\\">Client Account Name</th></tr></thead><span class=\\"MuiTypography-root MuiTypography-overline\\">Log in to access your accounts.</span></table></div></div><div class=\\"MuiGrid-root MuiGrid-item MuiGrid-grid-xs-12\\"><div class=\\"MuiPaper-root makeStyles-paper-44 MuiPaper-elevation1 MuiPaper-rounded\\"><h2 class=\\"MuiTypography-root MuiTypography-h6 MuiTypography-colorPrimary MuiTypography-gutterBottom\\">Logout</h2><div><button class=\\"MuiButtonBase-root MuiButton-root MuiButton-outlined\\" tabindex=\\"0\\" type=\\"button\\"><span class=\\"MuiButton-label\\">Logout</span></button></div></div></div></div></div></main></div>"`;
