// Jest Snapshot v1, https://goo.gl/fbAQLP

exports[`Accounts Unit Testing Accounts correctly displays data with ok API call 1`] = `"<h2 class=\\"MuiTypography-root MuiTypography-h6 MuiTypography-colorPrimary MuiTypography-gutterBottom\\">Available Customer IDs</h2><span class=\\"MuiTypography-root MuiTypography-overline\\">Make sure to select an account before visiting the dashboard or query page.</span><table class=\\"MuiTable-root\\"><thead class=\\"MuiTableHead-root\\"><tr class=\\"MuiTableRow-root MuiTableRow-head\\"><th class=\\"MuiTableCell-root MuiTableCell-head MuiTableCell-sizeSmall\\" scope=\\"col\\">Select</th><th class=\\"MuiTableCell-root MuiTableCell-head MuiTableCell-sizeSmall\\" scope=\\"col\\">Login ID</th><th class=\\"MuiTableCell-root MuiTableCell-head MuiTableCell-sizeSmall\\" scope=\\"col\\">Client Account ID</th><th class=\\"MuiTableCell-root MuiTableCell-head MuiTableCell-sizeSmall\\" scope=\\"col\\">Client Account Name</th></tr></thead><tbody class=\\"MuiTableBody-root\\"><tr class=\\"MuiTableRow-root MuiTableRow-hover\\" role=\\"checkbox\\" aria-checked=\\"false\\" tabindex=\\"-1\\"><td class=\\"MuiTableCell-root MuiTableCell-body MuiTableCell-paddingCheckbox MuiTableCell-sizeSmall\\"><span class=\\"MuiButtonBase-root MuiIconButton-root PrivateSwitchBase-root-1 MuiCheckbox-root MuiCheckbox-colorSecondary MuiIconButton-colorSecondary\\" aria-disabled=\\"false\\"><span class=\\"MuiIconButton-label\\"><input type=\\"checkbox\\" class=\\"PrivateSwitchBase-input-4\\" data-indeterminate=\\"false\\"/><svg class=\\"MuiSvgIcon-root\\" focusable=\\"false\\" viewBox=\\"0 0 24 24\\" aria-hidden=\\"true\\"><path d=\\"M19 5v14H5V5h14m0-2H5c-1.1 0-2 .9-2 2v14c0 1.1.9 2 2 2h14c1.1 0 2-.9 2-2V5c0-1.1-.9-2-2-2z\\"></path></svg></span></span></td><td class=\\"MuiTableCell-root MuiTableCell-body MuiTableCell-sizeSmall\\">testId</td><td class=\\"MuiTableCell-root MuiTableCell-body MuiTableCell-sizeSmall\\">testChildren</td><td class=\\"MuiTableCell-root MuiTableCell-body MuiTableCell-sizeSmall\\">testName</td></tr></tbody></table>"`;
