// Jest Snapshot v1, https://goo.gl/fbAQLP

exports[`Chart Unit Testing Chart correctly displays data with correct API call 1`] = `"<h2 class=\\"MuiTypography-root MuiTypography-h6 MuiTypography-colorPrimary MuiTypography-gutterBottom\\">Today's Sales</h2><div class=\\"recharts-responsive-container\\" style=\\"width: 100%; height: 100%;\\"><div style=\\"position: absolute; width: 0px; height: 0px; visibility: hidden; display: none;\\"></div></div>"`;

exports[`Chart Unit Testing Chart correctly displays error when API call returns error 1`] = `"<h2 class=\\"MuiTypography-root MuiTypography-h6 MuiTypography-colorPrimary MuiTypography-gutterBottom\\">Today's Sales</h2><div class=\\"recharts-responsive-container\\" style=\\"width: 100%; height: 100%;\\"><div style=\\"position: absolute; width: 0px; height: 0px; visibility: hidden; display: none;\\"></div></div>"`;
