// Jest Snapshot v1, https://goo.gl/fbAQLP

exports[`Queries Unit Testing Queries correctly displays data with properly formatted input 1`] = `"<h2 class=\\"MuiTypography-root MuiTypography-h6 MuiTypography-colorPrimary MuiTypography-gutterBottom\\">Query Results</h2><div><table class=\\"MuiTable-root\\"><thead class=\\"MuiTableHead-root\\"><tr class=\\"MuiTableRow-root MuiTableRow-head\\"><th class=\\"MuiTableCell-root MuiTableCell-head MuiTableCell-sizeSmall\\" scope=\\"col\\">campaign.id</th><th class=\\"MuiTableCell-root MuiTableCell-head MuiTableCell-sizeSmall\\" scope=\\"col\\">campaign.name</th><th class=\\"MuiTableCell-root MuiTableCell-head MuiTableCell-sizeSmall\\" scope=\\"col\\">metrics.clicks</th></tr></thead><tbody class=\\"MuiTableBody-root\\"><tr class=\\"MuiTableRow-root\\"><td class=\\"MuiTableCell-root MuiTableCell-body MuiTableCell-sizeSmall\\">10375582075</td><td class=\\"MuiTableCell-root MuiTableCell-body MuiTableCell-sizeSmall\\">Sales-Search-1</td><td class=\\"MuiTableCell-root MuiTableCell-body MuiTableCell-sizeSmall\\">0</td></tr></tbody></table><div class=\\"MuiTablePagination-root\\"><div class=\\"MuiToolbar-root MuiToolbar-regular MuiTablePagination-toolbar MuiToolbar-gutters\\"><div class=\\"MuiTablePagination-spacer\\"></div><p class=\\"MuiTypography-root MuiTablePagination-caption MuiTypography-body2 MuiTypography-colorInherit\\">Rows per page:</p><div class=\\"MuiInputBase-root MuiTablePagination-input MuiTablePagination-selectRoot\\"><div class=\\"MuiSelect-root MuiSelect-select MuiTablePagination-select MuiSelect-selectMenu MuiInputBase-input\\" tabindex=\\"0\\" role=\\"button\\" aria-haspopup=\\"listbox\\">10</div><input value=\\"10\\" aria-hidden=\\"true\\" tabindex=\\"-1\\" class=\\"MuiSelect-nativeInput\\"/><svg class=\\"MuiSvgIcon-root MuiSelect-icon MuiTablePagination-selectIcon\\" focusable=\\"false\\" viewBox=\\"0 0 24 24\\" aria-hidden=\\"true\\"><path d=\\"M7 10l5 5 5-5z\\"></path></svg></div><p class=\\"MuiTypography-root MuiTablePagination-caption MuiTypography-body2 MuiTypography-colorInherit\\">1-1 of 1</p><div class=\\"MuiTablePagination-actions\\"><button class=\\"MuiButtonBase-root MuiIconButton-root MuiIconButton-colorInherit Mui-disabled Mui-disabled\\" tabindex=\\"-1\\" type=\\"button\\" disabled=\\"\\" title=\\"Previous page\\" aria-label=\\"Previous page\\"><span class=\\"MuiIconButton-label\\"><svg class=\\"MuiSvgIcon-root\\" focusable=\\"false\\" viewBox=\\"0 0 24 24\\" aria-hidden=\\"true\\"><path d=\\"M15.41 16.09l-4.58-4.59 4.58-4.59L14 5.5l-6 6 6 6z\\"></path></svg></span></button><button class=\\"MuiButtonBase-root MuiIconButton-root MuiIconButton-colorInherit Mui-disabled Mui-disabled\\" tabindex=\\"-1\\" type=\\"button\\" disabled=\\"\\" title=\\"Next page\\" aria-label=\\"Next page\\"><span class=\\"MuiIconButton-label\\"><svg class=\\"MuiSvgIcon-root\\" focusable=\\"false\\" viewBox=\\"0 0 24 24\\" aria-hidden=\\"true\\"><path d=\\"M8.59 16.34l4.58-4.59-4.58-4.59L10 5.75l6 6-6 6z\\"></path></svg></span></button></div></div></div></div>"`;

exports[`Queries Unit Testing Queries correctly displays error with incorrectly formatted input 1`] = `"<h2 class=\\"MuiTypography-root MuiTypography-h6 MuiTypography-colorPrimary MuiTypography-gutterBottom\\">Something Went Wrong. Here&#x27;s the Error Message: Some Kind of Error</h2>"`;

exports[`Queries Unit Testing Queries correctly displays unexpected error 1`] = `"<h2 class=\\"MuiTypography-root MuiTypography-h6 MuiTypography-colorPrimary MuiTypography-gutterBottom\\">Something Went Wrong. Here&#x27;s the Error Message: Cannot read property &#x27;status&#x27; of undefined</h2>"`;
