// Jest Snapshot v1, https://goo.gl/fbAQLP

exports[`QueryResults Unit Testing QueryResults properly displays table given correct input 1`] = `"<h2 class=\\"MuiTypography-root MuiTypography-h6 MuiTypography-colorPrimary MuiTypography-gutterBottom\\">Query Results</h2><table class=\\"MuiTable-root\\"><thead class=\\"MuiTableHead-root\\"><tr class=\\"MuiTableRow-root MuiTableRow-head\\"><th class=\\"MuiTableCell-root MuiTableCell-head MuiTableCell-sizeSmall\\" scope=\\"col\\">campaign.name</th><th class=\\"MuiTableCell-root MuiTableCell-head MuiTableCell-sizeSmall\\" scope=\\"col\\">metrics.clicks</th></tr></thead><tbody class=\\"MuiTableBody-root\\"><tr class=\\"MuiTableRow-root\\"><td class=\\"MuiTableCell-root MuiTableCell-body MuiTableCell-sizeSmall\\">Sales-Search-1</td><td class=\\"MuiTableCell-root MuiTableCell-body MuiTableCell-sizeSmall\\">0</td></tr></tbody></table>"`;
