// Jest Snapshot v1, https://goo.gl/fbAQLP

exports[`QueryDashboard Unit Testing renders correct HTML for Query Dashboard 1`] = `"<div class=\\"MuiGrid-root MuiGrid-container MuiGrid-spacing-xs-3\\"><div class=\\"MuiGrid-root MuiGrid-item MuiGrid-grid-xs-12\\"><div class=\\"MuiPaper-root makeStyles-paper-14 MuiPaper-elevation1 MuiPaper-rounded\\"><h2 class=\\"MuiTypography-root MuiTypography-h6 MuiTypography-colorPrimary MuiTypography-gutterBottom\\">Selected Client Account to Query</h2><table class=\\"MuiTable-root\\"><thead class=\\"MuiTableHead-root\\"><tr class=\\"MuiTableRow-root MuiTableRow-head\\"><th class=\\"MuiTableCell-root MuiTableCell-head MuiTableCell-sizeSmall\\" scope=\\"col\\">Customer ID</th><th class=\\"MuiTableCell-root MuiTableCell-head MuiTableCell-sizeSmall\\" scope=\\"col\\">Client Account</th></tr></thead><span class=\\"MuiTypography-root MuiTypography-overline\\">Select a client on the login page.</span></table></div></div><div class=\\"MuiGrid-root MuiGrid-item MuiGrid-grid-xs-12\\"><div class=\\"MuiPaper-root makeStyles-paper-14 MuiPaper-elevation1 MuiPaper-rounded\\"><h2 class=\\"MuiTypography-root MuiTypography-h6 MuiTypography-colorPrimary MuiTypography-gutterBottom\\">Query Here</h2><div class=\\"MuiFormControl-root MuiTextField-root MuiFormControl-marginNormal MuiFormControl-fullWidth\\" style=\\"margin:8px\\"><label class=\\"MuiFormLabel-root MuiInputLabel-root MuiInputLabel-formControl MuiInputLabel-animated MuiInputLabel-shrink\\" data-shrink=\\"true\\" for=\\"standard-full-width\\" id=\\"standard-full-width-label\\">Enter Query</label><div class=\\"MuiInputBase-root MuiInput-root MuiInput-underline MuiInputBase-fullWidth MuiInput-fullWidth MuiInputBase-formControl MuiInput-formControl\\"><input type=\\"text\\" aria-invalid=\\"false\\" aria-describedby=\\"standard-full-width-helper-text\\" id=\\"standard-full-width\\" placeholder=\\"Placeholder\\" value=\\"\\" class=\\"MuiInputBase-input MuiInput-input\\"/></div><p class=\\"MuiFormHelperText-root\\" id=\\"standard-full-width-helper-text\\">make sure to select an account!</p></div><div class=\\"makeStyles-root-16\\"><button class=\\"MuiButtonBase-root MuiButton-root MuiButton-outlined\\" tabindex=\\"0\\" type=\\"button\\"><span class=\\"MuiButton-label\\">Submit</span></button></div><h2 class=\\"MuiTypography-root MuiTypography-h6 MuiTypography-colorPrimary MuiTypography-gutterBottom\\"> Enter a query to see the results </h2></div></div></div>"`;
