// Jest Snapshot v1, https://goo.gl/fbAQLP

exports[`AppBarWithDrawer Unit Testing AppBarWithDrawer opens drawer with button 1`] = `"<header class=\\"MuiPaper-root MuiAppBar-root MuiAppBar-positionAbsolute MuiAppBar-colorPrimary makeStyles-appBar-4 makeStyles-appBarShift-5 MuiPaper-elevation4\\"><div class=\\"MuiToolbar-root MuiToolbar-regular makeStyles-toolbar-2 MuiToolbar-gutters\\"><button class=\\"MuiButtonBase-root MuiIconButton-root makeStyles-menuButton-6 makeStyles-menuButtonHidden-7 MuiIconButton-colorInherit MuiIconButton-edgeStart\\" tabindex=\\"0\\" type=\\"button\\" aria-label=\\"open drawer\\"><span class=\\"MuiIconButton-label\\"><svg class=\\"MuiSvgIcon-root\\" focusable=\\"false\\" viewBox=\\"0 0 24 24\\" aria-hidden=\\"true\\"><path d=\\"M3 18h18v-2H3v2zm0-5h18v-2H3v2zm0-7v2h18V6H3z\\"></path></svg></span><span class=\\"MuiTouchRipple-root\\"></span></button><h1 class=\\"MuiTypography-root makeStyles-title-8 MuiTypography-h6 MuiTypography-colorInherit MuiTypography-noWrap\\">Google Ads API Web App Demo</h1><button class=\\"MuiButtonBase-root MuiIconButton-root MuiIconButton-colorInherit\\" tabindex=\\"0\\" type=\\"button\\"><span class=\\"MuiIconButton-label\\"><span class=\\"MuiBadge-root\\"><svg class=\\"MuiSvgIcon-root\\" focusable=\\"false\\" viewBox=\\"0 0 24 24\\" aria-hidden=\\"true\\"><path d=\\"M12 22c1.1 0 2-.9 2-2h-4c0 1.1.89 2 2 2zm6-6v-5c0-3.07-1.64-5.64-4.5-6.32V4c0-.83-.67-1.5-1.5-1.5s-1.5.67-1.5 1.5v.68C7.63 5.36 6 7.92 6 11v5l-2 2v1h16v-1l-2-2z\\"></path></svg><span class=\\"MuiBadge-badge MuiBadge-anchorOriginTopRightRectangle MuiBadge-colorSecondary\\">4</span></span></span><span class=\\"MuiTouchRipple-root\\"></span></button></div></header><div class=\\"MuiDrawer-root MuiDrawer-docked\\"><div class=\\"MuiPaper-root MuiDrawer-paper makeStyles-drawerPaper-9 MuiDrawer-paperAnchorLeft MuiDrawer-paperAnchorDockedLeft MuiPaper-elevation0\\"><div class=\\"makeStyles-toolbarIcon-3\\"><button class=\\"MuiButtonBase-root MuiIconButton-root\\" tabindex=\\"0\\" type=\\"button\\"><span class=\\"MuiIconButton-label\\"><svg class=\\"MuiSvgIcon-root\\" focusable=\\"false\\" viewBox=\\"0 0 24 24\\" aria-hidden=\\"true\\"><path d=\\"M15.41 7.41L14 6l-6 6 6 6 1.41-1.41L10.83 12z\\"></path></svg></span><span class=\\"MuiTouchRipple-root\\"></span></button></div><hr class=\\"MuiDivider-root\\"><ul class=\\"MuiList-root MuiList-padding\\"><div><a class=\\"MuiButtonBase-root MuiListItem-root MuiListItem-gutters MuiListItem-button\\" tabindex=\\"0\\" role=\\"button\\" aria-disabled=\\"false\\" href=\\"/\\"><div class=\\"MuiListItemIcon-root\\"><svg class=\\"MuiSvgIcon-root\\" focusable=\\"false\\" viewBox=\\"0 0 24 24\\" aria-hidden=\\"true\\"><path d=\\"M10 20v-6h4v6h5v-8h3L12 3 2 12h3v8z\\"></path></svg></div><div class=\\"MuiListItemText-root\\"><span class=\\"MuiTypography-root MuiListItemText-primary MuiTypography-body1 MuiTypography-displayBlock\\">Login</span></div><span class=\\"MuiTouchRipple-root\\"></span></a><a class=\\"MuiButtonBase-root MuiListItem-root MuiListItem-gutters MuiListItem-button\\" tabindex=\\"0\\" role=\\"button\\" aria-disabled=\\"false\\" href=\\"/Dashboard\\"><div class=\\"MuiListItemIcon-root\\"><svg class=\\"MuiSvgIcon-root\\" focusable=\\"false\\" viewBox=\\"0 0 24 24\\" aria-hidden=\\"true\\"><path d=\\"M3 13h8V3H3v10zm0 8h8v-6H3v6zm10 0h8V11h-8v10zm0-18v6h8V3h-8z\\"></path></svg></div><div class=\\"MuiListItemText-root\\"><span class=\\"MuiTypography-root MuiListItemText-primary MuiTypography-body1 MuiTypography-displayBlock\\">Dashboard</span></div><span class=\\"MuiTouchRipple-root\\"></span></a><a class=\\"MuiButtonBase-root MuiListItem-root MuiListItem-gutters MuiListItem-button\\" tabindex=\\"0\\" role=\\"button\\" aria-disabled=\\"false\\" href=\\"/Query\\"><div class=\\"MuiListItemIcon-root\\"><svg class=\\"MuiSvgIcon-root\\" focusable=\\"false\\" viewBox=\\"0 0 24 24\\" aria-hidden=\\"true\\"><path d=\\"M5 9.2h3V19H5zM10.6 5h2.8v14h-2.8zm5.6 8H19v6h-2.8z\\"></path></svg></div><div class=\\"MuiListItemText-root\\"><span class=\\"MuiTypography-root MuiListItemText-primary MuiTypography-body1 MuiTypography-displayBlock\\">Queries</span></div><span class=\\"MuiTouchRipple-root\\"></span></a></div></ul></div></div>"`;

exports[`AppBarWithDrawer Unit Testing AppBarWithDrawer opens drawer with button 2`] = `"<header class=\\"MuiPaper-root MuiAppBar-root MuiAppBar-positionAbsolute MuiAppBar-colorPrimary makeStyles-appBar-4 MuiPaper-elevation4\\"><div class=\\"MuiToolbar-root MuiToolbar-regular makeStyles-toolbar-2 MuiToolbar-gutters\\"><button class=\\"MuiButtonBase-root MuiIconButton-root makeStyles-menuButton-6 MuiIconButton-colorInherit MuiIconButton-edgeStart\\" tabindex=\\"0\\" type=\\"button\\" aria-label=\\"open drawer\\"><span class=\\"MuiIconButton-label\\"><svg class=\\"MuiSvgIcon-root\\" focusable=\\"false\\" viewBox=\\"0 0 24 24\\" aria-hidden=\\"true\\"><path d=\\"M3 18h18v-2H3v2zm0-5h18v-2H3v2zm0-7v2h18V6H3z\\"></path></svg></span><span class=\\"MuiTouchRipple-root\\"></span></button><h1 class=\\"MuiTypography-root makeStyles-title-8 MuiTypography-h6 MuiTypography-colorInherit MuiTypography-noWrap\\">Google Ads API Web App Demo</h1><button class=\\"MuiButtonBase-root MuiIconButton-root MuiIconButton-colorInherit\\" tabindex=\\"0\\" type=\\"button\\"><span class=\\"MuiIconButton-label\\"><span class=\\"MuiBadge-root\\"><svg class=\\"MuiSvgIcon-root\\" focusable=\\"false\\" viewBox=\\"0 0 24 24\\" aria-hidden=\\"true\\"><path d=\\"M12 22c1.1 0 2-.9 2-2h-4c0 1.1.89 2 2 2zm6-6v-5c0-3.07-1.64-5.64-4.5-6.32V4c0-.83-.67-1.5-1.5-1.5s-1.5.67-1.5 1.5v.68C7.63 5.36 6 7.92 6 11v5l-2 2v1h16v-1l-2-2z\\"></path></svg><span class=\\"MuiBadge-badge MuiBadge-anchorOriginTopRightRectangle MuiBadge-colorSecondary\\">4</span></span></span><span class=\\"MuiTouchRipple-root\\"></span></button></div></header><div class=\\"MuiDrawer-root MuiDrawer-docked\\"><div class=\\"MuiPaper-root MuiDrawer-paper makeStyles-drawerPaper-9 makeStyles-drawerPaperClose-10 MuiDrawer-paperAnchorLeft MuiDrawer-paperAnchorDockedLeft MuiPaper-elevation0\\"><div class=\\"makeStyles-toolbarIcon-3\\"><button class=\\"MuiButtonBase-root MuiIconButton-root\\" tabindex=\\"0\\" type=\\"button\\"><span class=\\"MuiIconButton-label\\"><svg class=\\"MuiSvgIcon-root\\" focusable=\\"false\\" viewBox=\\"0 0 24 24\\" aria-hidden=\\"true\\"><path d=\\"M15.41 7.41L14 6l-6 6 6 6 1.41-1.41L10.83 12z\\"></path></svg></span><span class=\\"MuiTouchRipple-root\\"></span></button></div><hr class=\\"MuiDivider-root\\"><ul class=\\"MuiList-root MuiList-padding\\"><div><a class=\\"MuiButtonBase-root MuiListItem-root MuiListItem-gutters MuiListItem-button\\" tabindex=\\"0\\" role=\\"button\\" aria-disabled=\\"false\\" href=\\"/\\"><div class=\\"MuiListItemIcon-root\\"><svg class=\\"MuiSvgIcon-root\\" focusable=\\"false\\" viewBox=\\"0 0 24 24\\" aria-hidden=\\"true\\"><path d=\\"M10 20v-6h4v6h5v-8h3L12 3 2 12h3v8z\\"></path></svg></div><div class=\\"MuiListItemText-root\\"><span class=\\"MuiTypography-root MuiListItemText-primary MuiTypography-body1 MuiTypography-displayBlock\\">Login</span></div><span class=\\"MuiTouchRipple-root\\"></span></a><a class=\\"MuiButtonBase-root MuiListItem-root MuiListItem-gutters MuiListItem-button\\" tabindex=\\"0\\" role=\\"button\\" aria-disabled=\\"false\\" href=\\"/Dashboard\\"><div class=\\"MuiListItemIcon-root\\"><svg class=\\"MuiSvgIcon-root\\" focusable=\\"false\\" viewBox=\\"0 0 24 24\\" aria-hidden=\\"true\\"><path d=\\"M3 13h8V3H3v10zm0 8h8v-6H3v6zm10 0h8V11h-8v10zm0-18v6h8V3h-8z\\"></path></svg></div><div class=\\"MuiListItemText-root\\"><span class=\\"MuiTypography-root MuiListItemText-primary MuiTypography-body1 MuiTypography-displayBlock\\">Dashboard</span></div><span class=\\"MuiTouchRipple-root\\"></span></a><a class=\\"MuiButtonBase-root MuiListItem-root MuiListItem-gutters MuiListItem-button\\" tabindex=\\"0\\" role=\\"button\\" aria-disabled=\\"false\\" href=\\"/Query\\"><div class=\\"MuiListItemIcon-root\\"><svg class=\\"MuiSvgIcon-root\\" focusable=\\"false\\" viewBox=\\"0 0 24 24\\" aria-hidden=\\"true\\"><path d=\\"M5 9.2h3V19H5zM10.6 5h2.8v14h-2.8zm5.6 8H19v6h-2.8z\\"></path></svg></div><div class=\\"MuiListItemText-root\\"><span class=\\"MuiTypography-root MuiListItemText-primary MuiTypography-body1 MuiTypography-displayBlock\\">Queries</span></div><span class=\\"MuiTouchRipple-root\\"></span></a></div></ul></div></div>"`;

exports[`AppBarWithDrawer Unit Testing AppBarWithDrawer opens drawer with button 3`] = `"<header class=\\"MuiPaper-root MuiAppBar-root MuiAppBar-positionAbsolute MuiAppBar-colorPrimary makeStyles-appBar-4 MuiPaper-elevation4\\"><div class=\\"MuiToolbar-root MuiToolbar-regular makeStyles-toolbar-2 MuiToolbar-gutters\\"><button class=\\"MuiButtonBase-root MuiIconButton-root makeStyles-menuButton-6 MuiIconButton-colorInherit MuiIconButton-edgeStart\\" tabindex=\\"0\\" type=\\"button\\" aria-label=\\"open drawer\\"><span class=\\"MuiIconButton-label\\"><svg class=\\"MuiSvgIcon-root\\" focusable=\\"false\\" viewBox=\\"0 0 24 24\\" aria-hidden=\\"true\\"><path d=\\"M3 18h18v-2H3v2zm0-5h18v-2H3v2zm0-7v2h18V6H3z\\"></path></svg></span><span class=\\"MuiTouchRipple-root\\"></span></button><h1 class=\\"MuiTypography-root makeStyles-title-8 MuiTypography-h6 MuiTypography-colorInherit MuiTypography-noWrap\\">Google Ads API Web App Demo</h1><button class=\\"MuiButtonBase-root MuiIconButton-root MuiIconButton-colorInherit\\" tabindex=\\"0\\" type=\\"button\\"><span class=\\"MuiIconButton-label\\"><span class=\\"MuiBadge-root\\"><svg class=\\"MuiSvgIcon-root\\" focusable=\\"false\\" viewBox=\\"0 0 24 24\\" aria-hidden=\\"true\\"><path d=\\"M12 22c1.1 0 2-.9 2-2h-4c0 1.1.89 2 2 2zm6-6v-5c0-3.07-1.64-5.64-4.5-6.32V4c0-.83-.67-1.5-1.5-1.5s-1.5.67-1.5 1.5v.68C7.63 5.36 6 7.92 6 11v5l-2 2v1h16v-1l-2-2z\\"></path></svg><span class=\\"MuiBadge-badge MuiBadge-anchorOriginTopRightRectangle MuiBadge-colorSecondary\\">4</span></span></span><span class=\\"MuiTouchRipple-root\\"></span></button></div></header><div class=\\"MuiDrawer-root MuiDrawer-docked\\"><div class=\\"MuiPaper-root MuiDrawer-paper makeStyles-drawerPaper-9 makeStyles-drawerPaperClose-10 MuiDrawer-paperAnchorLeft MuiDrawer-paperAnchorDockedLeft MuiPaper-elevation0\\"><div class=\\"makeStyles-toolbarIcon-3\\"><button class=\\"MuiButtonBase-root MuiIconButton-root\\" tabindex=\\"0\\" type=\\"button\\"><span class=\\"MuiIconButton-label\\"><svg class=\\"MuiSvgIcon-root\\" focusable=\\"false\\" viewBox=\\"0 0 24 24\\" aria-hidden=\\"true\\"><path d=\\"M15.41 7.41L14 6l-6 6 6 6 1.41-1.41L10.83 12z\\"></path></svg></span><span class=\\"MuiTouchRipple-root\\"></span></button></div><hr class=\\"MuiDivider-root\\"><ul class=\\"MuiList-root MuiList-padding\\"><div><a class=\\"MuiButtonBase-root MuiListItem-root MuiListItem-gutters MuiListItem-button\\" tabindex=\\"0\\" role=\\"button\\" aria-disabled=\\"false\\" href=\\"/\\"><div class=\\"MuiListItemIcon-root\\"><svg class=\\"MuiSvgIcon-root\\" focusable=\\"false\\" viewBox=\\"0 0 24 24\\" aria-hidden=\\"true\\"><path d=\\"M10 20v-6h4v6h5v-8h3L12 3 2 12h3v8z\\"></path></svg></div><div class=\\"MuiListItemText-root\\"><span class=\\"MuiTypography-root MuiListItemText-primary MuiTypography-body1 MuiTypography-displayBlock\\">Login</span></div><span class=\\"MuiTouchRipple-root\\"></span></a><a class=\\"MuiButtonBase-root MuiListItem-root MuiListItem-gutters MuiListItem-button\\" tabindex=\\"0\\" role=\\"button\\" aria-disabled=\\"false\\" href=\\"/Dashboard\\"><div class=\\"MuiListItemIcon-root\\"><svg class=\\"MuiSvgIcon-root\\" focusable=\\"false\\" viewBox=\\"0 0 24 24\\" aria-hidden=\\"true\\"><path d=\\"M3 13h8V3H3v10zm0 8h8v-6H3v6zm10 0h8V11h-8v10zm0-18v6h8V3h-8z\\"></path></svg></div><div class=\\"MuiListItemText-root\\"><span class=\\"MuiTypography-root MuiListItemText-primary MuiTypography-body1 MuiTypography-displayBlock\\">Dashboard</span></div><span class=\\"MuiTouchRipple-root\\"></span></a><a class=\\"MuiButtonBase-root MuiListItem-root MuiListItem-gutters MuiListItem-button\\" tabindex=\\"0\\" role=\\"button\\" aria-disabled=\\"false\\" href=\\"/Query\\"><div class=\\"MuiListItemIcon-root\\"><svg class=\\"MuiSvgIcon-root\\" focusable=\\"false\\" viewBox=\\"0 0 24 24\\" aria-hidden=\\"true\\"><path d=\\"M5 9.2h3V19H5zM10.6 5h2.8v14h-2.8zm5.6 8H19v6h-2.8z\\"></path></svg></div><div class=\\"MuiListItemText-root\\"><span class=\\"MuiTypography-root MuiListItemText-primary MuiTypography-body1 MuiTypography-displayBlock\\">Queries</span></div><span class=\\"MuiTouchRipple-root\\"></span></a></div></ul></div></div>"`;

exports[`AppBarWithDrawer Unit Testing AppBarWithDrawer opens drawer with button 4`] = `"<header class=\\"MuiPaper-root MuiAppBar-root MuiAppBar-positionAbsolute MuiAppBar-colorPrimary makeStyles-appBar-4 makeStyles-appBarShift-5 MuiPaper-elevation4\\"><div class=\\"MuiToolbar-root MuiToolbar-regular makeStyles-toolbar-2 MuiToolbar-gutters\\"><button class=\\"MuiButtonBase-root MuiIconButton-root makeStyles-menuButton-6 makeStyles-menuButtonHidden-7 MuiIconButton-colorInherit MuiIconButton-edgeStart\\" tabindex=\\"0\\" type=\\"button\\" aria-label=\\"open drawer\\"><span class=\\"MuiIconButton-label\\"><svg class=\\"MuiSvgIcon-root\\" focusable=\\"false\\" viewBox=\\"0 0 24 24\\" aria-hidden=\\"true\\"><path d=\\"M3 18h18v-2H3v2zm0-5h18v-2H3v2zm0-7v2h18V6H3z\\"></path></svg></span><span class=\\"MuiTouchRipple-root\\"></span></button><h1 class=\\"MuiTypography-root makeStyles-title-8 MuiTypography-h6 MuiTypography-colorInherit MuiTypography-noWrap\\">Google Ads API Web App Demo</h1><button class=\\"MuiButtonBase-root MuiIconButton-root MuiIconButton-colorInherit\\" tabindex=\\"0\\" type=\\"button\\"><span class=\\"MuiIconButton-label\\"><span class=\\"MuiBadge-root\\"><svg class=\\"MuiSvgIcon-root\\" focusable=\\"false\\" viewBox=\\"0 0 24 24\\" aria-hidden=\\"true\\"><path d=\\"M12 22c1.1 0 2-.9 2-2h-4c0 1.1.89 2 2 2zm6-6v-5c0-3.07-1.64-5.64-4.5-6.32V4c0-.83-.67-1.5-1.5-1.5s-1.5.67-1.5 1.5v.68C7.63 5.36 6 7.92 6 11v5l-2 2v1h16v-1l-2-2z\\"></path></svg><span class=\\"MuiBadge-badge MuiBadge-anchorOriginTopRightRectangle MuiBadge-colorSecondary\\">4</span></span></span><span class=\\"MuiTouchRipple-root\\"></span></button></div></header><div class=\\"MuiDrawer-root MuiDrawer-docked\\"><div class=\\"MuiPaper-root MuiDrawer-paper makeStyles-drawerPaper-9 MuiDrawer-paperAnchorLeft MuiDrawer-paperAnchorDockedLeft MuiPaper-elevation0\\"><div class=\\"makeStyles-toolbarIcon-3\\"><button class=\\"MuiButtonBase-root MuiIconButton-root\\" tabindex=\\"0\\" type=\\"button\\"><span class=\\"MuiIconButton-label\\"><svg class=\\"MuiSvgIcon-root\\" focusable=\\"false\\" viewBox=\\"0 0 24 24\\" aria-hidden=\\"true\\"><path d=\\"M15.41 7.41L14 6l-6 6 6 6 1.41-1.41L10.83 12z\\"></path></svg></span><span class=\\"MuiTouchRipple-root\\"></span></button></div><hr class=\\"MuiDivider-root\\"><ul class=\\"MuiList-root MuiList-padding\\"><div><a class=\\"MuiButtonBase-root MuiListItem-root MuiListItem-gutters MuiListItem-button\\" tabindex=\\"0\\" role=\\"button\\" aria-disabled=\\"false\\" href=\\"/\\"><div class=\\"MuiListItemIcon-root\\"><svg class=\\"MuiSvgIcon-root\\" focusable=\\"false\\" viewBox=\\"0 0 24 24\\" aria-hidden=\\"true\\"><path d=\\"M10 20v-6h4v6h5v-8h3L12 3 2 12h3v8z\\"></path></svg></div><div class=\\"MuiListItemText-root\\"><span class=\\"MuiTypography-root MuiListItemText-primary MuiTypography-body1 MuiTypography-displayBlock\\">Login</span></div><span class=\\"MuiTouchRipple-root\\"></span></a><a class=\\"MuiButtonBase-root MuiListItem-root MuiListItem-gutters MuiListItem-button\\" tabindex=\\"0\\" role=\\"button\\" aria-disabled=\\"false\\" href=\\"/Dashboard\\"><div class=\\"MuiListItemIcon-root\\"><svg class=\\"MuiSvgIcon-root\\" focusable=\\"false\\" viewBox=\\"0 0 24 24\\" aria-hidden=\\"true\\"><path d=\\"M3 13h8V3H3v10zm0 8h8v-6H3v6zm10 0h8V11h-8v10zm0-18v6h8V3h-8z\\"></path></svg></div><div class=\\"MuiListItemText-root\\"><span class=\\"MuiTypography-root MuiListItemText-primary MuiTypography-body1 MuiTypography-displayBlock\\">Dashboard</span></div><span class=\\"MuiTouchRipple-root\\"></span></a><a class=\\"MuiButtonBase-root MuiListItem-root MuiListItem-gutters MuiListItem-button\\" tabindex=\\"0\\" role=\\"button\\" aria-disabled=\\"false\\" href=\\"/Query\\"><div class=\\"MuiListItemIcon-root\\"><svg class=\\"MuiSvgIcon-root\\" focusable=\\"false\\" viewBox=\\"0 0 24 24\\" aria-hidden=\\"true\\"><path d=\\"M5 9.2h3V19H5zM10.6 5h2.8v14h-2.8zm5.6 8H19v6h-2.8z\\"></path></svg></div><div class=\\"MuiListItemText-root\\"><span class=\\"MuiTypography-root MuiListItemText-primary MuiTypography-body1 MuiTypography-displayBlock\\">Queries</span></div><span class=\\"MuiTouchRipple-root\\"></span></a></div></ul></div></div>"`;
