// Jest Snapshot v1, https://goo.gl/fbAQLP

exports[`ReportsDashboard Unit Testing ReportsDashboard displays correct components 1`] = `"<div class=\\"MuiGrid-root MuiGrid-container MuiGrid-spacing-xs-3\\"><div class=\\"MuiGrid-root MuiGrid-item MuiGrid-grid-xs-12 MuiGrid-grid-md-12 MuiGrid-grid-xl-5\\"><div class=\\"MuiPaper-root makeStyles-paper-14 makeStyles-fixedHeight-15 MuiPaper-elevation1 MuiPaper-rounded\\"><h2 class=\\"MuiTypography-root MuiTypography-h6 MuiTypography-colorPrimary MuiTypography-gutterBottom\\">Clicks Per Campaign</h2><h2 class=\\"MuiTypography-root MuiTypography-h6 MuiTypography-colorPrimary MuiTypography-gutterBottom\\"> Loading ... </h2></div></div><div class=\\"MuiGrid-root MuiGrid-item MuiGrid-grid-xs-12 MuiGrid-grid-md-8 MuiGrid-grid-xl-5\\"><div class=\\"MuiPaper-root makeStyles-paper-14 makeStyles-fixedHeight-15 MuiPaper-elevation1 MuiPaper-rounded\\"><h2 class=\\"MuiTypography-root MuiTypography-h6 MuiTypography-colorPrimary MuiTypography-gutterBottom\\">Today&#x27;s Sales</h2><h2 class=\\"MuiTypography-root MuiTypography-h6 MuiTypography-colorPrimary MuiTypography-gutterBottom\\"> Loading ... </h2></div></div><div class=\\"MuiGrid-root MuiGrid-item MuiGrid-grid-xs-12 MuiGrid-grid-md-4 MuiGrid-grid-xl-2\\"><div class=\\"MuiPaper-root makeStyles-paper-14 makeStyles-fixedHeight-15 MuiPaper-elevation1 MuiPaper-rounded\\"><h2 class=\\"MuiTypography-root MuiTypography-h6 MuiTypography-colorPrimary MuiTypography-gutterBottom\\">Total Ad Spend</h2><p class=\\"MuiTypography-root MuiTypography-h4\\">$3,024.00</p><p class=\\"MuiTypography-root makeStyles-depositContext-16 MuiTypography-body1 MuiTypography-colorTextSecondary\\">as of 15 March, 2019</p><div><a class=\\"MuiTypography-root MuiLink-root MuiLink-underlineHover MuiTypography-colorPrimary\\" href=\\"#\\">View more</a></div></div></div><div class=\\"MuiGrid-root MuiGrid-item MuiGrid-grid-xs-12\\"><div class=\\"MuiPaper-root makeStyles-paper-14 MuiPaper-elevation1 MuiPaper-rounded\\"><h2 class=\\"MuiTypography-root MuiTypography-h6 MuiTypography-colorPrimary MuiTypography-gutterBottom\\">Campaign Data</h2><h2 class=\\"MuiTypography-root MuiTypography-h6 MuiTypography-colorPrimary MuiTypography-gutterBottom\\"> Loading ... </h2></div></div></div>"`;
